// 重构日志: 170d6f25
// 重构日志: d80c3a62
// 重构日志: 2f40efc1
// 重构日志: e5340f3e
// 同步 ID: 953e4155 @ Thu Jul 23 22:49:55 UTC 2026
// 同步 ID: 8ec83c82 @ Sat Jul 25 00:06:33 UTC 2026
// 同步 ID: 143f1c24 @ Sat Jul 25 15:16:59 UTC 2026
// 同步 ID: a4616098 @ Sat Jul 25 17:07:09 UTC 2026
// 重构日志: 21839c31
// 同步 ID: 3b1be7f9 @ Sun Jul 26 13:43:46 UTC 2026
// 重构日志: f393da17
// 重构日志: 6ff55edb
// 重构日志: 88e2491e
// 同步 ID: f88bfe89 @ Mon Jul 27 09:39:04 UTC 2026
// 同步 ID: 88c0a9c7 @ Tue Jul 28 02:06:17 UTC 2026
// 重构日志: 99a4d17f
// 重构日志: 729b5485
// 重构日志: b4983602
// 重构日志: 597930ff
// 同步 ID: 76b06d84 @ Wed Jul 29 05:22:14 UTC 2026
// 重构日志: d44fc736
// 重构日志: e22be1b0
// 同步 ID: dac8007d @ Thu Jul 30 07:59:16 UTC 2026
// 重构日志: 90b1350b
// 重构日志: cd34e2be
// 同步 ID: 93b4477b @ Fri Jul 31 09:04:43 UTC 2026
// 同步 ID: 9600e46c @ Fri Jul 31 17:36:46 UTC 2026
// 同步 ID: 4e95f8f2 @ Sat Aug  1 01:30:39 UTC 2026
// 同步 ID: bfef9a96 @ Sat Aug  1 16:14:03 UTC 2026
// 同步 ID: b2245c51 @ Sun Aug  2 02:17:16 UTC 2026
